[21-Nov-2025 09:10:57 UTC] PHP Warning:  Trying to access array offset on value of type null in C:\wamp64\www\newwebsite_haladrive\index.php on line 110
[21-Nov-2025 09:10:57 UTC] PHP Stack trace:
[21-Nov-2025 09:10:57 UTC] PHP   1. {main}() C:\wamp64\www\newwebsite_haladrive\index.php:0
[21-Nov-2025 11:25:13 UTC] PHP Warning:  Trying to access array offset on value of type null in C:\wamp64\www\newwebsite_haladrive\index.php on line 115
[21-Nov-2025 11:25:13 UTC] PHP Stack trace:
[21-Nov-2025 11:25:13 UTC] PHP   1. {main}() C:\wamp64\www\newwebsite_haladrive\index.php:0
[21-Nov-2025 11:26:54 UTC] PHP Warning:  Trying to access array offset on value of type null in C:\wamp64\www\newwebsite_haladrive\index.php on line 114
[21-Nov-2025 11:26:54 UTC] PHP Stack trace:
[21-Nov-2025 11:26:54 UTC] PHP   1. {main}() C:\wamp64\www\newwebsite_haladrive\index.php:0
[21-Nov-2025 11:27:10 UTC] PHP Warning:  Trying to access array offset on value of type null in C:\wamp64\www\newwebsite_haladrive\index.php on line 114
[21-Nov-2025 11:27:10 UTC] PHP Stack trace:
[21-Nov-2025 11:27:10 UTC] PHP   1. {main}() C:\wamp64\www\newwebsite_haladrive\index.php:0
[21-Nov-2025 11:30:01 UTC] PHP Warning:  Trying to access array offset on value of type null in C:\wamp64\www\newwebsite_haladrive\index.php on line 115
[21-Nov-2025 11:30:01 UTC] PHP Stack trace:
[21-Nov-2025 11:30:01 UTC] PHP   1. {main}() C:\wamp64\www\newwebsite_haladrive\index.php:0
[21-Nov-2025 11:31:09 UTC] PHP Warning:  Undefined variable $api in C:\wamp64\www\newwebsite_haladrive\header.php on line 10
[21-Nov-2025 11:31:09 UTC] PHP Stack trace:
[21-Nov-2025 11:31:09 UTC] PHP   1. {main}() C:\wamp64\www\newwebsite_haladrive\contact.php:0
[21-Nov-2025 11:31:09 UTC] PHP   2. include_once() C:\wamp64\www\newwebsite_haladrive\contact.php:1
[21-Nov-2025 11:31:09 UTC] PHP Fatal error:  Uncaught Error: Call to a member function loadData() on null in C:\wamp64\www\newwebsite_haladrive\header.php:10
Stack trace:
#0 C:\wamp64\www\newwebsite_haladrive\contact.php(1): include_once()
#1 {main}
  thrown in C:\wamp64\www\newwebsite_haladrive\header.php on line 10
[21-Nov-2025 11:31:36 UTC] PHP Warning:  Undefined variable $api in C:\wamp64\www\newwebsite_haladrive\header.php on line 10
[21-Nov-2025 11:31:36 UTC] PHP Stack trace:
[21-Nov-2025 11:31:36 UTC] PHP   1. {main}() C:\wamp64\www\newwebsite_haladrive\contact.php:0
[21-Nov-2025 11:31:36 UTC] PHP   2. include_once() C:\wamp64\www\newwebsite_haladrive\contact.php:1
[21-Nov-2025 11:31:36 UTC] PHP Fatal error:  Uncaught Error: Call to a member function loadData() on null in C:\wamp64\www\newwebsite_haladrive\header.php:10
Stack trace:
#0 C:\wamp64\www\newwebsite_haladrive\contact.php(1): include_once()
#1 {main}
  thrown in C:\wamp64\www\newwebsite_haladrive\header.php on line 10
[21-Nov-2025 11:32:41 UTC] PHP Warning:  Undefined variable $api in C:\wamp64\www\newwebsite_haladrive\header.php on line 10
[21-Nov-2025 11:32:41 UTC] PHP Stack trace:
[21-Nov-2025 11:32:41 UTC] PHP   1. {main}() C:\wamp64\www\newwebsite_haladrive\contact.php:0
[21-Nov-2025 11:32:41 UTC] PHP   2. include_once() C:\wamp64\www\newwebsite_haladrive\contact.php:1
[21-Nov-2025 11:32:41 UTC] PHP Fatal error:  Uncaught Error: Call to a member function loadData() on null in C:\wamp64\www\newwebsite_haladrive\header.php:10
Stack trace:
#0 C:\wamp64\www\newwebsite_haladrive\contact.php(1): include_once()
#1 {main}
  thrown in C:\wamp64\www\newwebsite_haladrive\header.php on line 10
[21-Nov-2025 11:32:41 UTC] PHP Warning:  Undefined variable $api in C:\wamp64\www\newwebsite_haladrive\header.php on line 10
[21-Nov-2025 11:32:41 UTC] PHP Stack trace:
[21-Nov-2025 11:32:41 UTC] PHP   1. {main}() C:\wamp64\www\newwebsite_haladrive\contact.php:0
[21-Nov-2025 11:32:41 UTC] PHP   2. include_once() C:\wamp64\www\newwebsite_haladrive\contact.php:1
[21-Nov-2025 11:32:41 UTC] PHP Fatal error:  Uncaught Error: Call to a member function loadData() on null in C:\wamp64\www\newwebsite_haladrive\header.php:10
Stack trace:
#0 C:\wamp64\www\newwebsite_haladrive\contact.php(1): include_once()
#1 {main}
  thrown in C:\wamp64\www\newwebsite_haladrive\header.php on line 10
[21-Nov-2025 11:32:42 UTC] PHP Warning:  Undefined variable $api in C:\wamp64\www\newwebsite_haladrive\header.php on line 10
[21-Nov-2025 11:32:42 UTC] PHP Stack trace:
[21-Nov-2025 11:32:42 UTC] PHP   1. {main}() C:\wamp64\www\newwebsite_haladrive\contact.php:0
[21-Nov-2025 11:32:42 UTC] PHP   2. include_once() C:\wamp64\www\newwebsite_haladrive\contact.php:1
[21-Nov-2025 11:32:42 UTC] PHP Fatal error:  Uncaught Error: Call to a member function loadData() on null in C:\wamp64\www\newwebsite_haladrive\header.php:10
Stack trace:
#0 C:\wamp64\www\newwebsite_haladrive\contact.php(1): include_once()
#1 {main}
  thrown in C:\wamp64\www\newwebsite_haladrive\header.php on line 10
[21-Nov-2025 11:33:34 UTC] PHP Warning:  Undefined variable $api in C:\wamp64\www\newwebsite_haladrive\header.php on line 10
[21-Nov-2025 11:33:34 UTC] PHP Stack trace:
[21-Nov-2025 11:33:34 UTC] PHP   1. {main}() C:\wamp64\www\newwebsite_haladrive\contact.php:0
[21-Nov-2025 11:33:34 UTC] PHP   2. include_once() C:\wamp64\www\newwebsite_haladrive\contact.php:1
[21-Nov-2025 11:33:34 UTC] PHP Fatal error:  Uncaught Error: Call to a member function loadData() on null in C:\wamp64\www\newwebsite_haladrive\header.php:10
Stack trace:
#0 C:\wamp64\www\newwebsite_haladrive\contact.php(1): include_once()
#1 {main}
  thrown in C:\wamp64\www\newwebsite_haladrive\header.php on line 10
[21-Nov-2025 11:33:48 UTC] PHP Warning:  Undefined variable $api in C:\wamp64\www\newwebsite_haladrive\header.php on line 10
[21-Nov-2025 11:33:48 UTC] PHP Stack trace:
[21-Nov-2025 11:33:48 UTC] PHP   1. {main}() C:\wamp64\www\newwebsite_haladrive\contact.php:0
[21-Nov-2025 11:33:48 UTC] PHP   2. include_once() C:\wamp64\www\newwebsite_haladrive\contact.php:1
[21-Nov-2025 11:33:48 UTC] PHP Fatal error:  Uncaught Error: Call to a member function loadData() on null in C:\wamp64\www\newwebsite_haladrive\header.php:10
Stack trace:
#0 C:\wamp64\www\newwebsite_haladrive\contact.php(1): include_once()
#1 {main}
  thrown in C:\wamp64\www\newwebsite_haladrive\header.php on line 10
[21-Nov-2025 11:33:49 UTC] PHP Warning:  Undefined variable $api in C:\wamp64\www\newwebsite_haladrive\header.php on line 10
[21-Nov-2025 11:33:49 UTC] PHP Stack trace:
[21-Nov-2025 11:33:49 UTC] PHP   1. {main}() C:\wamp64\www\newwebsite_haladrive\contact.php:0
[21-Nov-2025 11:33:49 UTC] PHP   2. include_once() C:\wamp64\www\newwebsite_haladrive\contact.php:1
[21-Nov-2025 11:33:49 UTC] PHP Fatal error:  Uncaught Error: Call to a member function loadData() on null in C:\wamp64\www\newwebsite_haladrive\header.php:10
Stack trace:
#0 C:\wamp64\www\newwebsite_haladrive\contact.php(1): include_once()
#1 {main}
  thrown in C:\wamp64\www\newwebsite_haladrive\header.php on line 10
[21-Nov-2025 11:34:36 UTC] PHP Warning:  Undefined variable $api in C:\wamp64\www\newwebsite_haladrive\header.php on line 10
[21-Nov-2025 11:34:36 UTC] PHP Stack trace:
[21-Nov-2025 11:34:36 UTC] PHP   1. {main}() C:\wamp64\www\newwebsite_haladrive\contact.php:0
[21-Nov-2025 11:34:36 UTC] PHP   2. include_once() C:\wamp64\www\newwebsite_haladrive\contact.php:1
[21-Nov-2025 11:34:36 UTC] PHP Fatal error:  Uncaught Error: Call to a member function loadData() on null in C:\wamp64\www\newwebsite_haladrive\header.php:10
Stack trace:
#0 C:\wamp64\www\newwebsite_haladrive\contact.php(1): include_once()
#1 {main}
  thrown in C:\wamp64\www\newwebsite_haladrive\header.php on line 10
